src/pages/DashboardPage.tsx(214,74): error TS2769: No overload matches this call.
  The last overload gave the following error.
    Object literal may only specify known properties, and 'className' does not exist in type 'Partial<unknown> & Attributes'.
